// Jest Snapshot v1, https://goo.gl/fbAQLP

exports[`Testing the root component, the application as a whole: 1`] = `
<div>
  <nav>
    <div
      className="home"
    >
      <h1>
        Football Leagues
      </h1>
    </div>
    <div
      className="links"
    >
      links
    </div>
  </nav>
  <main />
</div>
`;
